c:\users\jy\desktop\data-structure-lab-2026-4\lec10_graph\lec10_graph\x64\debug\adjmatgraph.h.ifc
c:\users\jy\desktop\data-structure-lab-2026-4\lec10_graph\lec10_graph\x64\debug\adjmatgraph.h.ifc.d.json
c:\users\jy\desktop\data-structure-lab-2026-4\lec10_graph\lec10_graph\x64\debug\adjmatgraph.h.obj
c:\users\jy\desktop\data-structure-lab-2026-4\lec10_graph\lec10_graph\x64\debug\vc145.pdb
c:\users\jy\desktop\data-structure-lab-2026-4\lec10_graph\lec10_graph\x64\debug\vc145.idb
c:\users\jy\desktop\data-structure-lab-2026-4\lec10_graph\lec10_graph\x64\debug\main.obj
c:\users\jy\desktop\data-structure-lab-2026-4\lec10_graph\x64\debug\lec10_graph.exe
c:\users\jy\desktop\data-structure-lab-2026-4\lec10_graph\x64\debug\lec10_graph.pdb
c:\users\jy\desktop\data-structure-lab-2026-4\lec10_graph\lec10_graph\x64\debug\adjmatgraph.h.module.json
c:\users\jy\desktop\data-structure-lab-2026-4\lec10_graph\lec10_graph\x64\debug\lec10_graph.ilk
c:\users\jy\desktop\data-structure-lab-2026-4\lec10_graph\lec10_graph\x64\debug\adjmatgraph.h.obj.enc
c:\users\jy\desktop\data-structure-lab-2026-4\lec10_graph\lec10_graph\x64\debug\main.obj.enc
c:\users\jy\desktop\data-structure-lab-2026-4\lec10_graph\x64\debug\lec10_graph.ilk
c:\users\jy\desktop\data-structure-lab-2026-4\lec10_graph\lec10_graph\x64\debug\lec10_graph.tlog\cl.command.1.tlog
c:\users\jy\desktop\data-structure-lab-2026-4\lec10_graph\lec10_graph\x64\debug\lec10_graph.tlog\cl.items.tlog
c:\users\jy\desktop\data-structure-lab-2026-4\lec10_graph\lec10_graph\x64\debug\lec10_graph.tlog\cl.read.1.tlog
c:\users\jy\desktop\data-structure-lab-2026-4\lec10_graph\lec10_graph\x64\debug\lec10_graph.tlog\cl.write.1.tlog
c:\users\jy\desktop\data-structure-lab-2026-4\lec10_graph\lec10_graph\x64\debug\lec10_graph.tlog\link.command.1.tlog
c:\users\jy\desktop\data-structure-lab-2026-4\lec10_graph\lec10_graph\x64\debug\lec10_graph.tlog\link.read.1.tlog
c:\users\jy\desktop\data-structure-lab-2026-4\lec10_graph\lec10_graph\x64\debug\lec10_graph.tlog\link.secondary.1.tlog
c:\users\jy\desktop\data-structure-lab-2026-4\lec10_graph\lec10_graph\x64\debug\lec10_graph.tlog\link.write.1.tlog
c:\users\jy\desktop\data-structure-lab-2026-4\lec10_graph\lec10_graph\x64\debug\lec10_graph_md.tlog\cl.command.1.tlog
c:\users\jy\desktop\data-structure-lab-2026-4\lec10_graph\lec10_graph\x64\debug\lec10_graph_md.tlog\microsoft.build.cpptasks.cl.read.1.tlog
c:\users\jy\desktop\data-structure-lab-2026-4\lec10_graph\lec10_graph\x64\debug\lec10_graph_md.tlog\microsoft.build.cpptasks.cl.write.1.tlog
